// Vitest Snapshot v1, https://vitest.dev/guide/snapshot.html

exports[`Latex > should render html displaying the latex 1`] = `
<div
  class="inline"
  data-testid="latex"
>
  <span
    class="katex"
  >
    <span
      class="katex-mathml"
    >
      <math
        xmlns="http://www.w3.org/1998/Math/MathML"
      >
        <semantics>
          <mrow>
            <mspace
              linebreak="newline"
            />
            <mi>
              s
            </mi>
            <mi>
              q
            </mi>
            <mi>
              r
            </mi>
            <mi>
              t
            </mi>
            <mn>
              2
            </mn>
          </mrow>
          <annotation
            encoding="application/x-tex"
          >
            \\\\sqrt{2}
          </annotation>
        </semantics>
      </math>
    </span>
    <span
      aria-hidden="true"
      class="katex-html"
    >
      <span
        class="mspace newline"
      />
      <span
        class="base"
      >
        <span
          class="strut"
          style="height:0.8389em;vertical-align:-0.1944em;"
        />
        <span
          class="mord mathnormal"
        >
          s
        </span>
        <span
          class="mord mathnormal"
          style="margin-right:0.03588em;"
        >
          q
        </span>
        <span
          class="mord mathnormal"
          style="margin-right:0.02778em;"
        >
          r
        </span>
        <span
          class="mord mathnormal"
        >
          t
        </span>
        <span
          class="mord"
        >
          <span
            class="mord"
          >
            2
          </span>
        </span>
      </span>
    </span>
  </span>
</div>
`;
